{
  "job_title": "Unknown (from image)",
  "company_name": "Unknown (from image)",
  "location": null,
  "salary_range": null,
  "job_description": null,
  "responsibilities": null,
  "qualifications": null,
  "skills": [],
  "experience_level": null,
  "education_level": null,
  "employment_type": null,
  "benefits": [],
  "application_deadline": null,
  "contact_information": null,
  "company_description": null,
  "image_analysis": "Image processed successfully"
}
